// Jest Snapshot v1, https://goo.gl/fbAQLP

exports[`SearchField should render SearchField 1`] = `[Function]`;
