// Jest Snapshot v1, https://goo.gl/fbAQLP

exports[`Viewbar should render Viewbar 1`] = `[Function]`;
