// Jest Snapshot v1, https://goo.gl/fbAQLP

exports[`AddNewEntryModel should render AddNewEntryModel 1`] = `[Function]`;
