// Jest Snapshot v1, https://goo.gl/fbAQLP

exports[`AddTextField should render AddTextField 1`] = `[Function]`;
